2026-07-22 23:17:16 | INFO | Connected to server
2026-07-22 23:17:36 | INFO | Connected to server
2026-07-22 23:17:48 | INFO | Username: Ramya
2026-07-22 23:18:21 | INFO | Connected to server
2026-07-22 23:18:32 | INFO | Username: Vignesh T
2026-07-22 23:18:43 | INFO | Connected to server
2026-07-22 23:18:53 | INFO | Username: Vignesh T
2026-07-22 23:20:39 | INFO | SENT: hi
2026-07-22 23:20:53 | INFO | Connected to server
2026-07-22 23:50:05 | INFO | Connected to server
2026-07-22 23:50:20 | INFO | Connected to server
2026-07-22 23:50:26 | INFO | Username: Vignesh T
2026-07-22 23:50:34 | INFO | Username: Ramya
2026-07-22 23:50:34 | INFO | RECEIVED: Ramya joined the chat.
2026-07-22 23:50:46 | INFO | SENT: Hi Ramya
2026-07-22 23:50:46 | INFO | RECEIVED: Vignesh T: Hi Ramya
2026-07-22 23:50:53 | INFO | SENT: Hi Vignesh T
2026-07-22 23:50:53 | INFO | RECEIVED: Ramya: Hi Vignesh T
2026-07-22 23:50:56 | INFO | Disconnected from server
2026-07-22 23:50:56 | INFO | RECEIVED: Ramya left the chat.
2026-07-22 23:53:45 | INFO | Disconnected from server
2026-07-22 23:56:04 | INFO | Connected to server
2026-07-22 23:56:23 | INFO | Connected to server
2026-07-22 23:56:29 | INFO | Username: Ramya
2026-07-22 23:56:35 | INFO | Username: Vignesh T
2026-07-22 23:56:35 | INFO | RECEIVED: Vignesh T joined the chat.
2026-07-22 23:56:44 | INFO | SENT: Hi Ramya
2026-07-22 23:56:44 | INFO | RECEIVED: Vignesh T: Hi Ramya
2026-07-22 23:56:53 | INFO | SENT: Hi Vignesh T
2026-07-22 23:56:53 | INFO | RECEIVED: Ramya: Hi Vignesh T
2026-07-22 23:57:02 | INFO | Disconnected from server
2026-07-22 23:57:02 | INFO | RECEIVED: Vignesh T left the chat.
2026-07-22 23:57:07 | INFO | Disconnected from server
