2026-07-22 23:06:33 | INFO | Server started on 127.0.0.1:5000
2026-07-22 23:07:11 | INFO | Vignesh T connected
2026-07-22 23:07:16 | INFO | Ramya connected
2026-07-22 23:07:22 | INFO | Ramya: Hi Vignesh T
2026-07-22 23:07:33 | INFO | Vignesh T: Hi Ramya
2026-07-22 23:07:46 | INFO | Ramya disconnected
2026-07-22 23:07:50 | INFO | Vignesh T disconnected
2026-07-22 23:16:58 | INFO | Server started on 127.0.0.1:5000
2026-07-22 23:17:48 | INFO | Ramya connected
2026-07-22 23:17:48 | INFO | Ramya disconnected
2026-07-22 23:18:32 | INFO | Vignesh T connected
2026-07-22 23:18:32 | INFO | Vignesh T disconnected
2026-07-22 23:18:53 | INFO | Vignesh T connected
2026-07-22 23:18:53 | INFO | Vignesh T disconnected
2026-07-22 23:49:50 | INFO | Server started on 127.0.0.1:5000
2026-07-22 23:50:26 | INFO | Vignesh T connected
2026-07-22 23:50:34 | INFO | Ramya connected
2026-07-22 23:50:46 | INFO | Vignesh T: Hi Ramya
2026-07-22 23:50:53 | INFO | Ramya: Hi Vignesh T
2026-07-22 23:50:56 | INFO | Ramya disconnected
2026-07-22 23:53:45 | INFO | Vignesh T disconnected
2026-07-22 23:55:46 | INFO | Server started on 127.0.0.1:5000
2026-07-22 23:56:29 | INFO | Ramya connected
2026-07-22 23:56:35 | INFO | Vignesh T connected
2026-07-22 23:56:44 | INFO | Vignesh T: Hi Ramya
2026-07-22 23:56:53 | INFO | Ramya: Hi Vignesh T
2026-07-22 23:57:02 | INFO | Vignesh T disconnected
2026-07-22 23:57:07 | INFO | Ramya disconnected
